main.c:75:6:displayClock	40	static
main.c:84:6:setNumberOnClock	16	static
main.c:90:6:clearNumberOnClock	16	static
main.c:96:6:clearAllClock	8	static
main.c:110:6:Switch_State	8	static
main.c:131:6:Analog_Clock	8	static
main.c:307:6:display7SEG	16	static
main.c:401:6:Traffic_Light_1way	24	static
main.c:441:6:Traffic_Light_4way	24	static
main.c:529:5:main	16	static
main.c:642:6:SystemClock_Config	72	static
main.c:678:13:MX_GPIO_Init	32	static
main.c:731:6:Error_Handler	4	static,ignoring_inline_asm
