main.c:75:6:displayClock	40	static
main.c:84:6:setNumberOnClock	16	static
main.c:90:6:clearNumberOnClock	16	static
main.c:96:6:clearAllClock	8	static
main.c:110:6:Switch_State	8	static
main.c:131:6:Analog_Clock	8	static
main.c:138:6:display7SEG	16	static
main.c:232:6:Traffic_Light_1way	24	static
main.c:272:6:Traffic_Light_4way	24	static
main.c:360:5:main	8	static
main.c:479:6:SystemClock_Config	72	static
main.c:515:13:MX_GPIO_Init	32	static
main.c:568:6:Error_Handler	4	static,ignoring_inline_asm
